
*** Running vivado
    with args -log top.vds -m64 -product Vivado -mode batch -messageDb vivado.pb -notrace -source top.tcl

INFO: [Common 17-3922] A valid Vivado Design Suite BASIC license has been detected. Your current license is active and will expire on 22-aug-2027.
#-----------------------------------------------------------
# Vivado v2026.1 (64-bit)
# SW Build 6511674 on Tue Jun 16 11:01:26 MDT 2026
# IP Build 6504888 on Tue Jun 09 09:05:25 MDT 2026
# SharedData Build 6501428 on Mon Jun 08 17:34:18 MDT 2026
# Start of session at: Sun Oct  4 14:03:44 2026
# Process ID         : 1038708
# Current directory  : /mnt/Windows/Well/Projects/EE Core/SPI/SPI.runs/synth_1
# Command line       : vivado -log top.vds -product Vivado -mode batch -messageDb vivado.pb -notrace -source top.tcl
# Log file           : /mnt/Windows/Well/Projects/EE Core/SPI/SPI.runs/synth_1/top.vds
# Journal file       : /mnt/Windows/Well/Projects/EE Core/SPI/SPI.runs/synth_1/vivado.jou
# Running On         : localhost.localdomain
# Platform           : rocky
# Operating System   : Rocky Linux 10.2 (Red Quartz)"
RELEASE_TYPE="stable
# Processor Detail   : 13th Gen Intel(R) Core(TM) i5-13500H
# CPU Frequency      : 450.689 MHz
# CPU Physical cores : 12
# CPU Logical cores  : 16
# Host memory        : 14107 MB
# Swap memory        : 8589 MB
# Total Virtual      : 22697 MB
# Available Virtual  : 9857 MB
#-----------------------------------------------------------

****** Vivado v2026.1 (64-bit)
  **** SW Build 6511674 on Tue Jun 16 11:01:26 MDT 2026
  **** IP Build 6504888 on Tue Jun 09 09:05:25 MDT 2026
  **** SharedData Build 6501428 on Mon Jun 08 17:34:18 MDT 2026
  **** Start of session at: Sun Oct  4 14:03:44 2026
    ** Copyright 1986-2022 Xilinx, Inc. All Rights Reserved.
    ** Copyright 2022-2026 Advanced Micro Devices, Inc. All Rights Reserved.

source top.tcl -notrace
Command: synth_design -top top -part xc7k325tfbv676-2L
Starting synth_design
Attempting to get a license for feature 'Vivado_Synthesis' and/or device 'xc7k325t'
INFO: [Common 17-349] Got license for feature 'Vivado_Synthesis' and/or device 'xc7k325t'
INFO: [Device 21-403] Loading part xc7k325tfbv676-2L
INFO: [Designutils 20-5008] Incremental synthesis strategy default
INFO: [Synth 8-7079] Multithreading enabled for synth_design using a maximum of 7 processes.
INFO: [Synth 8-7078] Launching helper process for spawning children vivado processes
INFO: [Synth 8-7075] Helper process launched with PID 1038774
---------------------------------------------------------------------------------
Starting RTL Elaboration : Time (s): cpu = 00:00:03 ; elapsed = 00:00:03 . Memory (MB): peak = 2638.473 ; gain = 516.977 ; free physical = 317 ; free virtual = 8076
---------------------------------------------------------------------------------
INFO: [Synth 8-6157] synthesizing module 'top' [/mnt/Windows/Well/Projects/EE Core/SPI/SPI.srcs/sources_1/imports/SPI/src/top.v:1]
INFO: [Synth 8-6157] synthesizing module 'fifo' [/mnt/Windows/Well/Projects/EE Core/SPI/SPI.srcs/sources_1/imports/SPI/src/fifo.v:5]
	Parameter DATA_WIDTH bound to: 8 - type: integer 
	Parameter ADDR_WIDTH bound to: 3 - type: integer 
INFO: [Synth 8-6155] done synthesizing module 'fifo' (0#1) [/mnt/Windows/Well/Projects/EE Core/SPI/SPI.srcs/sources_1/imports/SPI/src/fifo.v:5]
INFO: [Synth 8-6157] synthesizing module 'core' [/mnt/Windows/Well/Projects/EE Core/SPI/SPI.srcs/sources_1/imports/SPI/src/core.v:6]
	Parameter DATA_WIDTH bound to: 8 - type: integer 
	Parameter CLK_DIV bound to: 4 - type: integer 
INFO: [Synth 8-6155] done synthesizing module 'core' (0#1) [/mnt/Windows/Well/Projects/EE Core/SPI/SPI.srcs/sources_1/imports/SPI/src/core.v:6]
INFO: [Synth 8-6155] done synthesizing module 'top' (0#1) [/mnt/Windows/Well/Projects/EE Core/SPI/SPI.srcs/sources_1/imports/SPI/src/top.v:1]
WARNING: [Synth 8-7137] Register mem_reg in module fifo has both Set and reset with same priority. This may cause simulation mismatches. Consider rewriting code 
WARNING: [Synth 8-4767] Trying to implement RAM 'mem_reg' in registers. Block RAM or DRAM implementation is not possible; see log for reasons. [/mnt/Windows/Well/Projects/EE Core/SPI/SPI.srcs/sources_1/imports/SPI/src/fifo.v:51]
Reason is one or more of the following :
	1: RAM is sensitive to asynchronous reset signal. this RTL style is not supported. 
---------------------------------------------------------------------------------
Finished RTL Elaboration : Time (s): cpu = 00:00:03 ; elapsed = 00:00:04 . Memory (MB): peak = 2726.441 ; gain = 604.945 ; free physical = 247 ; free virtual = 7953
---------------------------------------------------------------------------------
---------------------------------------------------------------------------------
Start Handling Custom Attributes
---------------------------------------------------------------------------------
---------------------------------------------------------------------------------
Finished Handling Custom Attributes : Time (s): cpu = 00:00:03 ; elapsed = 00:00:04 . Memory (MB): peak = 2741.285 ; gain = 619.789 ; free physical = 244 ; free virtual = 7950
---------------------------------------------------------------------------------
---------------------------------------------------------------------------------
Finished RTL Optimization Phase 1 : Time (s): cpu = 00:00:03 ; elapsed = 00:00:04 . Memory (MB): peak = 2741.285 ; gain = 619.789 ; free physical = 244 ; free virtual = 7950
---------------------------------------------------------------------------------
Netlist sorting complete. Time (s): cpu = 00:00:00 ; elapsed = 00:00:00 . Memory (MB): peak = 2741.285 ; gain = 0.000 ; free physical = 244 ; free virtual = 7950
INFO: [Project 1-570] Preparing netlist for logic optimization

Processing XDC Constraints
Initializing timing engine
Parsing XDC File [/mnt/Windows/Well/Projects/EE Core/SPI/SPI.srcs/constrs_1/new/clk.xdc]
Finished Parsing XDC File [/mnt/Windows/Well/Projects/EE Core/SPI/SPI.srcs/constrs_1/new/clk.xdc]
Completed Processing XDC Constraints

Netlist sorting complete. Time (s): cpu = 00:00:00 ; elapsed = 00:00:00 . Memory (MB): peak = 2854.023 ; gain = 0.000 ; free physical = 217 ; free virtual = 7919
INFO: [Project 1-111] Unisim Transformation Summary:
No Unisim elements were transformed.

sh: line 1: /mnt/Windows/Well/Projects/EE: Is a directory
Constraint Validation Runtime : Time (s): cpu = 00:00:00.01 ; elapsed = 00:00:00 . Memory (MB): peak = 2854.059 ; gain = 0.000 ; free physical = 217 ; free virtual = 7919
---------------------------------------------------------------------------------
Finished Constraint Validation : Time (s): cpu = 00:00:08 ; elapsed = 00:00:08 . Memory (MB): peak = 2854.059 ; gain = 732.562 ; free physical = 288 ; free virtual = 7909
---------------------------------------------------------------------------------
---------------------------------------------------------------------------------
Start Loading Part and Timing Information
---------------------------------------------------------------------------------
Loading part: xc7k325tfbv676-2L
---------------------------------------------------------------------------------
Finished Loading Part and Timing Information : Time (s): cpu = 00:00:08 ; elapsed = 00:00:08 . Memory (MB): peak = 2862.027 ; gain = 740.531 ; free physical = 288 ; free virtual = 7909
---------------------------------------------------------------------------------
---------------------------------------------------------------------------------
Start Applying 'set_property' XDC Constraints
---------------------------------------------------------------------------------
---------------------------------------------------------------------------------
Finished applying 'set_property' XDC Constraints : Time (s): cpu = 00:00:08 ; elapsed = 00:00:08 . Memory (MB): peak = 2862.027 ; gain = 740.531 ; free physical = 288 ; free virtual = 7909
---------------------------------------------------------------------------------
INFO: [Synth 8-802] inferred FSM for state register 'state_reg' in module 'core'
---------------------------------------------------------------------------------------------------
                   State |                     New Encoding |                Previous Encoding 
---------------------------------------------------------------------------------------------------
                    IDLE |                              001 |                               00
                  ACTIVE |                              010 |                               01
                    DONE |                              100 |                               10
---------------------------------------------------------------------------------------------------
INFO: [Synth 8-3354] encoded FSM with state register 'state_reg' using encoding 'one-hot' in module 'core'
---------------------------------------------------------------------------------
Finished RTL Optimization Phase 2 : Time (s): cpu = 00:00:08 ; elapsed = 00:00:08 . Memory (MB): peak = 2862.027 ; gain = 740.531 ; free physical = 282 ; free virtual = 7907
---------------------------------------------------------------------------------
---------------------------------------------------------------------------------
Start RTL Component Statistics 
---------------------------------------------------------------------------------
Detailed RTL Component Info : 
+---Adders : 
	   2 Input    4 Bit       Adders := 3     
	   2 Input    2 Bit       Adders := 1     
+---Registers : 
	                8 Bit    Registers := 12    
	                4 Bit    Registers := 3     
	                2 Bit    Registers := 1     
	                1 Bit    Registers := 7     
+---Muxes : 
	   2 Input    8 Bit        Muxes := 1     
	   3 Input    8 Bit        Muxes := 1     
	   3 Input    4 Bit        Muxes := 1     
	   2 Input    2 Bit        Muxes := 1     
	   3 Input    2 Bit        Muxes := 1     
	   2 Input    1 Bit        Muxes := 10    
	   3 Input    1 Bit        Muxes := 14    
---------------------------------------------------------------------------------
Finished RTL Component Statistics 
---------------------------------------------------------------------------------
---------------------------------------------------------------------------------
Start Part Resource Summary
---------------------------------------------------------------------------------
Part Resources:
DSPs: 840 (col length:140)
BRAMs: 890 (col length: RAMB18 140 RAMB36 70)
---------------------------------------------------------------------------------
Finished Part Resource Summary
---------------------------------------------------------------------------------
---------------------------------------------------------------------------------
Start Cross Boundary and Area Optimization
---------------------------------------------------------------------------------
---------------------------------------------------------------------------------
Finished Cross Boundary and Area Optimization : Time (s): cpu = 00:00:09 ; elapsed = 00:00:09 . Memory (MB): peak = 2870.027 ; gain = 748.531 ; free physical = 272 ; free virtual = 7907
---------------------------------------------------------------------------------
---------------------------------------------------------------------------------
Start Applying XDC Timing Constraints
---------------------------------------------------------------------------------
---------------------------------------------------------------------------------
Finished Applying XDC Timing Constraints : Time (s): cpu = 00:00:12 ; elapsed = 00:00:12 . Memory (MB): peak = 2928.027 ; gain = 806.531 ; free physical = 468 ; free virtual = 7817
---------------------------------------------------------------------------------
---------------------------------------------------------------------------------
Start Timing Optimization
---------------------------------------------------------------------------------
---------------------------------------------------------------------------------
Finished Timing Optimization : Time (s): cpu = 00:00:12 ; elapsed = 00:00:12 . Memory (MB): peak = 2959.074 ; gain = 837.578 ; free physical = 439 ; free virtual = 7784
---------------------------------------------------------------------------------
---------------------------------------------------------------------------------
Start Technology Mapping
---------------------------------------------------------------------------------
---------------------------------------------------------------------------------
Finished Technology Mapping : Time (s): cpu = 00:00:12 ; elapsed = 00:00:12 . Memory (MB): peak = 2959.074 ; gain = 837.578 ; free physical = 439 ; free virtual = 7784
---------------------------------------------------------------------------------
---------------------------------------------------------------------------------
Start IO Insertion
---------------------------------------------------------------------------------
---------------------------------------------------------------------------------
Start Flattening Before IO Insertion
---------------------------------------------------------------------------------
---------------------------------------------------------------------------------
Finished Flattening Before IO Insertion
---------------------------------------------------------------------------------
---------------------------------------------------------------------------------
Start Final Netlist Cleanup
---------------------------------------------------------------------------------
---------------------------------------------------------------------------------
Finished Final Netlist Cleanup
---------------------------------------------------------------------------------
---------------------------------------------------------------------------------
Finished IO Insertion : Time (s): cpu = 00:00:14 ; elapsed = 00:00:15 . Memory (MB): peak = 3143.887 ; gain = 1022.391 ; free physical = 254 ; free virtual = 7603
---------------------------------------------------------------------------------
---------------------------------------------------------------------------------
Start Renaming Generated Instances
---------------------------------------------------------------------------------
---------------------------------------------------------------------------------
Finished Renaming Generated Instances : Time (s): cpu = 00:00:14 ; elapsed = 00:00:15 . Memory (MB): peak = 3143.887 ; gain = 1022.391 ; free physical = 254 ; free virtual = 7602
---------------------------------------------------------------------------------
---------------------------------------------------------------------------------
Start Rebuilding User Hierarchy
---------------------------------------------------------------------------------
---------------------------------------------------------------------------------
Finished Rebuilding User Hierarchy : Time (s): cpu = 00:00:14 ; elapsed = 00:00:15 . Memory (MB): peak = 3143.887 ; gain = 1022.391 ; free physical = 254 ; free virtual = 7602
---------------------------------------------------------------------------------
---------------------------------------------------------------------------------
Start Renaming Generated Ports
---------------------------------------------------------------------------------
---------------------------------------------------------------------------------
Finished Renaming Generated Ports : Time (s): cpu = 00:00:14 ; elapsed = 00:00:15 . Memory (MB): peak = 3143.887 ; gain = 1022.391 ; free physical = 254 ; free virtual = 7602
---------------------------------------------------------------------------------
---------------------------------------------------------------------------------
Start Handling Custom Attributes
---------------------------------------------------------------------------------
---------------------------------------------------------------------------------
Finished Handling Custom Attributes : Time (s): cpu = 00:00:14 ; elapsed = 00:00:15 . Memory (MB): peak = 3143.887 ; gain = 1022.391 ; free physical = 254 ; free virtual = 7602
---------------------------------------------------------------------------------
---------------------------------------------------------------------------------
Start Renaming Generated Nets
---------------------------------------------------------------------------------
---------------------------------------------------------------------------------
Finished Renaming Generated Nets : Time (s): cpu = 00:00:14 ; elapsed = 00:00:15 . Memory (MB): peak = 3143.887 ; gain = 1022.391 ; free physical = 254 ; free virtual = 7602
---------------------------------------------------------------------------------
---------------------------------------------------------------------------------
Start Writing Synthesis Report
---------------------------------------------------------------------------------

Report BlackBoxes: 
+-+--------------+----------+
| |BlackBox name |Instances |
+-+--------------+----------+
+-+--------------+----------+

Report Cell Usage: 
+------+------+------+
|      |Cell  |Count |
+------+------+------+
|1     |BUFG  |     1|
|2     |LUT1  |     3|
|3     |LUT2  |    10|
|4     |LUT3  |     8|
|5     |LUT4  |     9|
|6     |LUT5  |     4|
|7     |LUT6  |    41|
|8     |MUXF7 |     8|
|9     |FDCE  |    54|
|10    |FDPE  |     2|
|11    |FDRE  |    64|
|12    |IBUF  |    14|
|13    |OBUF  |    15|
+------+------+------+
---------------------------------------------------------------------------------
Finished Writing Synthesis Report : Time (s): cpu = 00:00:14 ; elapsed = 00:00:15 . Memory (MB): peak = 3143.887 ; gain = 1022.391 ; free physical = 254 ; free virtual = 7602
---------------------------------------------------------------------------------
Synthesis finished with 0 errors, 0 critical warnings and 0 warnings.
Synthesis Optimization Runtime : Time (s): cpu = 00:00:13 ; elapsed = 00:00:13 . Memory (MB): peak = 3143.887 ; gain = 909.617 ; free physical = 253 ; free virtual = 7601
Synthesis Optimization Complete : Time (s): cpu = 00:00:14 ; elapsed = 00:00:15 . Memory (MB): peak = 3143.895 ; gain = 1022.391 ; free physical = 253 ; free virtual = 7601
INFO: [Project 1-571] Translating synthesized netlist
Netlist sorting complete. Time (s): cpu = 00:00:00 ; elapsed = 00:00:00 . Memory (MB): peak = 3143.895 ; gain = 0.000 ; free physical = 251 ; free virtual = 7599
INFO: [Netlist 29-17] Analyzing 8 Unisim elements for replacement
INFO: [Netlist 29-28] Unisim Transformation completed in 0 CPU seconds
INFO: [Project 1-570] Preparing netlist for logic optimization
INFO: [Opt 31-138] Pushed 0 inverter(s) to 0 load pin(s).
Netlist sorting complete. Time (s): cpu = 00:00:00 ; elapsed = 00:00:00 . Memory (MB): peak = 3199.914 ; gain = 0.000 ; free physical = 402 ; free virtual = 7751
INFO: [Project 1-111] Unisim Transformation Summary:
No Unisim elements were transformed.

sh: line 1: /mnt/Windows/Well/Projects/EE: Is a directory
Synth Design complete | Checksum: f7c7bf49
INFO: [Common 17-83] Releasing license: Vivado_Synthesis
23 Infos, 2 Warnings, 0 Critical Warnings and 0 Errors encountered.
synth_design completed successfully
synth_design: Time (s): cpu = 00:00:20 ; elapsed = 00:00:18 . Memory (MB): peak = 3199.949 ; gain = 1257.734 ; free physical = 402 ; free virtual = 7751
INFO: [Common 17-2834] synth_design peak Physical Memory [PSS] (MB): overall = 2006.032; main = 2006.032; forked = 277.800
INFO: [Common 17-2834] synth_design peak Virtual Memory [VSS] (MB): overall = 4547.066; main = 3199.918; forked = 1677.035
Write ShapeDB Complete: Time (s): cpu = 00:00:00 ; elapsed = 00:00:00.01 . Memory (MB): peak = 3223.926 ; gain = 0.000 ; free physical = 401 ; free virtual = 7750
INFO: [Common 17-1381] The checkpoint '/mnt/Windows/Well/Projects/EE Core/SPI/SPI.runs/synth_1/top.dcp' has been generated.
INFO: [Vivado 12-24828] Executing command : report_utilization -file top_utilization_synth.rpt -pb top_utilization_synth.pb
INFO: [Common 17-206] Exiting Vivado at Sun Oct  4 14:04:05 2026...
