#-----------------------------------------------------------
# Vivado v2026.1 (64-bit)
# SW Build 6511674 on Tue Jun 16 11:01:26 MDT 2026
# IP Build 6504888 on Tue Jun 09 09:05:25 MDT 2026
# SharedData Build 6501428 on Mon Jun 08 17:34:18 MDT 2026
# Start of session at: Sun Oct  4 14:03:44 2026
# Process ID         : 1038708
# Current directory  : /mnt/Windows/Well/Projects/EE Core/SPI/SPI.runs/synth_1
# Command line       : vivado -log top.vds -product Vivado -mode batch -messageDb vivado.pb -notrace -source top.tcl
# Log file           : /mnt/Windows/Well/Projects/EE Core/SPI/SPI.runs/synth_1/top.vds
# Journal file       : /mnt/Windows/Well/Projects/EE Core/SPI/SPI.runs/synth_1/vivado.jou
# Running On         : localhost.localdomain
# Platform           : rocky
# Operating System   : Rocky Linux 10.2 (Red Quartz)"
RELEASE_TYPE="stable
# Processor Detail   : 13th Gen Intel(R) Core(TM) i5-13500H
# CPU Frequency      : 450.689 MHz
# CPU Physical cores : 12
# CPU Logical cores  : 16
# Host memory        : 14107 MB
# Swap memory        : 8589 MB
# Total Virtual      : 22697 MB
# Available Virtual  : 9857 MB
#-----------------------------------------------------------
source top.tcl -notrace
